0 verbose cli C:\Program Files\nodejs\node.exe C:\Program Files\nodejs\node_modules\npm\bin\npm-cli.js
1 info using npm@10.1.0
2 info using node@v20.9.0
3 timing npm:load:whichnode Completed in 2ms
4 timing config:load:defaults Completed in 4ms
5 timing config:load:file:C:\Program Files\nodejs\node_modules\npm\npmrc Completed in 3ms
6 timing config:load:builtin Completed in 3ms
7 timing config:load:cli Completed in 2ms
8 timing config:load:env Completed in 1ms
9 timing config:load:file:G:\DevSpace\Python\GazeboWorldCreator\web\.npmrc Completed in 0ms
10 timing config:load:project Completed in 1ms
11 timing config:load:file:C:\Users\lepic\.npmrc Completed in 0ms
12 timing config:load:user Completed in 0ms
13 timing config:load:file:C:\Users\lepic\AppData\Roaming\npm\etc\npmrc Completed in 0ms
14 timing config:load:global Completed in 1ms
15 timing config:load:setEnvs Completed in 1ms
16 timing config:load Completed in 13ms
17 timing npm:load:configload Completed in 13ms
18 timing config:load:flatten Completed in 2ms
19 timing npm:load:mkdirpcache Completed in 0ms
20 timing npm:load:mkdirplogs Completed in 1ms
21 verbose title npm install polygon-clipping@0.15.7
22 verbose argv "install" "polygon-clipping@0.15.7" "--cache" ".npm-cache"
23 timing npm:load:setTitle Completed in 0ms
24 timing npm:load:display Completed in 0ms
25 verbose logfile logs-max:10 dir:G:\DevSpace\Python\GazeboWorldCreator\web\.npm-cache\_logs\2026-08-04T11_38_08_559Z-
26 verbose logfile G:\DevSpace\Python\GazeboWorldCreator\web\.npm-cache\_logs\2026-08-04T11_38_08_559Z-debug-0.log
27 timing npm:load:logFile Completed in 10ms
28 timing npm:load:timers Completed in 0ms
29 timing npm:load:configScope Completed in 0ms
30 timing npm:load Completed in 72ms
31 timing arborist:ctor Completed in 1ms
32 silly logfile start cleaning logs, removing 1 files
33 timing idealTree:init Completed in 104ms
34 timing idealTree:userRequests Completed in 1ms
35 silly idealTree buildDeps
36 silly fetch manifest polygon-clipping@0.15.7
37 silly logfile done cleaning log files
38 verbose shrinkwrap failed to load node_modules/.package-lock.json out of date, updated: node_modules
39 http fetch GET 200 https://registry.npmjs.org/polygon-clipping 185ms (cache miss)
40 silly placeDep ROOT polygon-clipping@0.15.7 OK for: gazebo-world-creator-web@0.1.0 want: 0.15.7
41 silly fetch manifest robust-predicates@^3.0.2
42 silly fetch manifest splaytree@^3.1.0
43 http fetch GET 200 https://registry.npmjs.org/robust-predicates 59ms (cache miss)
44 http fetch GET 200 https://registry.npmjs.org/npm 377ms (cache updated)
45 http fetch GET 200 https://registry.npmjs.org/splaytree 318ms (cache miss)
46 timing idealTree:#root Completed in 513ms
47 silly placeDep ROOT robust-predicates@3.0.3 OK for: polygon-clipping@0.15.7 want: ^3.0.2
48 silly placeDep ROOT splaytree@3.2.3 OK for: polygon-clipping@0.15.7 want: ^3.1.0
49 timing idealTree:node_modules/polygon-clipping Completed in 5ms
50 timing idealTree:node_modules/robust-predicates Completed in 0ms
51 timing idealTree:node_modules/splaytree Completed in 0ms
52 timing idealTree:buildDeps Completed in 521ms
53 timing idealTree:fixDepFlags Completed in 2ms
54 timing idealTree Completed in 633ms
55 timing reify:loadTrees Completed in 634ms
56 timing reify:diffTrees Completed in 9ms
57 silly reify moves {}
58 timing reify:retireShallow Completed in 2ms
59 timing reify:createSparse Completed in 9ms
60 timing reify:loadBundles Completed in 0ms
61 silly audit bulk request {
61 silly audit   '@babel/code-frame': [ '7.29.0' ],
61 silly audit   '@babel/compat-data': [ '7.29.0' ],
61 silly audit   '@babel/core': [ '7.29.0' ],
61 silly audit   '@babel/generator': [ '7.29.1' ],
61 silly audit   '@babel/helper-compilation-targets': [ '7.28.6' ],
61 silly audit   '@babel/helper-globals': [ '7.28.0' ],
61 silly audit   '@babel/helper-module-imports': [ '7.28.6' ],
61 silly audit   '@babel/helper-module-transforms': [ '7.28.6' ],
61 silly audit   '@babel/helper-plugin-utils': [ '7.28.6' ],
61 silly audit   '@babel/helper-string-parser': [ '7.27.1' ],
61 silly audit   '@babel/helper-validator-identifier': [ '7.28.5' ],
61 silly audit   '@babel/helper-validator-option': [ '7.27.1' ],
61 silly audit   '@babel/helpers': [ '7.29.2' ],
61 silly audit   '@babel/parser': [ '7.29.2' ],
61 silly audit   '@babel/plugin-transform-react-jsx-self': [ '7.27.1' ],
61 silly audit   '@babel/plugin-transform-react-jsx-source': [ '7.27.1' ],
61 silly audit   '@babel/runtime': [ '7.29.2' ],
61 silly audit   '@babel/template': [ '7.28.6' ],
61 silly audit   '@babel/traverse': [ '7.29.0' ],
61 silly audit   '@babel/types': [ '7.29.0' ],
61 silly audit   '@dimforge/rapier3d-compat': [ '0.12.0' ],
61 silly audit   '@esbuild/win32-x64': [ '0.21.5' ],
61 silly audit   '@jridgewell/gen-mapping': [ '0.3.13' ],
61 silly audit   '@jridgewell/remapping': [ '2.3.5' ],
61 silly audit   '@jridgewell/resolve-uri': [ '3.1.2' ],
61 silly audit   '@jridgewell/sourcemap-codec': [ '1.5.5' ],
61 silly audit   '@jridgewell/trace-mapping': [ '0.3.31' ],
61 silly audit   '@mediapipe/tasks-vision': [ '0.10.17' ],
61 silly audit   '@monogrid/gainmap-js': [ '3.4.0' ],
61 silly audit   '@react-spring/animated': [ '9.7.5' ],
61 silly audit   '@react-spring/core': [ '9.7.5' ],
61 silly audit   '@react-spring/rafz': [ '9.7.5' ],
61 silly audit   '@react-spring/shared': [ '9.7.5' ],
61 silly audit   '@react-spring/three': [ '9.7.5' ],
61 silly audit   '@react-spring/types': [ '9.7.5' ],
61 silly audit   '@react-three/drei': [ '9.121.4' ],
61 silly audit   '@react-three/fiber': [ '8.17.14' ],
61 silly audit   scheduler: [ '0.21.0', '0.23.2' ],
61 silly audit   zustand: [ '3.7.2', '4.5.7', '5.0.12' ],
61 silly audit   '@rolldown/pluginutils': [ '1.0.0-beta.27' ],
61 silly audit   '@rollup/rollup-win32-x64-gnu': [ '4.60.2' ],
61 silly audit   '@rollup/rollup-win32-x64-msvc': [ '4.60.2' ],
61 silly audit   '@tweenjs/tween.js': [ '23.1.3' ],
61 silly audit   '@types/babel__core': [ '7.20.5' ],
61 silly audit   '@types/babel__generator': [ '7.27.0' ],
61 silly audit   '@types/babel__template': [ '7.4.4' ],
61 silly audit   '@types/babel__traverse': [ '7.28.0' ],
61 silly audit   '@types/draco3d': [ '1.4.10' ],
61 silly audit   '@types/estree': [ '1.0.8' ],
61 silly audit   '@types/offscreencanvas': [ '2019.7.3' ],
61 silly audit   '@types/prop-types': [ '15.7.15' ],
61 silly audit   '@types/react': [ '18.3.28' ],
61 silly audit   '@types/react-dom': [ '18.3.7' ],
61 silly audit   '@types/react-reconciler': [ '0.26.7', '0.28.9' ],
61 silly audit   '@types/stats.js': [ '0.17.4' ],
61 silly audit   '@types/three': [ '0.184.0' ],
61 silly audit   '@types/webxr': [ '0.5.24' ],
61 silly audit   '@use-gesture/core': [ '10.3.1' ],
61 silly audit   '@use-gesture/react': [ '10.3.1' ],
61 silly audit   '@vitejs/plugin-react': [ '4.7.0' ],
61 silly audit   'base64-js': [ '1.5.1' ],
61 silly audit   'baseline-browser-mapping': [ '2.10.21' ],
61 silly audit   'bidi-js': [ '1.0.3' ],
61 silly audit   browserslist: [ '4.28.2' ],
61 silly audit   buffer: [ '6.0.3' ],
61 silly audit   'camera-controls': [ '2.10.1' ],
61 silly audit   'caniuse-lite': [ '1.0.30001790' ],
61 silly audit   'convert-source-map': [ '2.0.0' ],
61 silly audit   'cross-env': [ '7.0.3' ],
61 silly audit   'cross-spawn': [ '7.0.6' ],
61 silly audit   csstype: [ '3.2.3' ],
61 silly audit   debug: [ '4.4.3' ],
61 silly audit   'detect-gpu': [ '5.0.70' ],
61 silly audit   draco3d: [ '1.5.7' ],
61 silly audit   'electron-to-chromium': [ '1.5.344' ],
61 silly audit   esbuild: [ '0.21.5' ],
61 silly audit   '@esbuild/aix-ppc64': [ '0.21.5' ],
61 silly audit   '@esbuild/android-arm': [ '0.21.5' ],
61 silly audit   '@esbuild/android-arm64': [ '0.21.5' ],
61 silly audit   '@esbuild/android-x64': [ '0.21.5' ],
61 silly audit   '@esbuild/darwin-arm64': [ '0.21.5' ],
61 silly audit   '@esbuild/darwin-x64': [ '0.21.5' ],
61 silly audit   '@esbuild/freebsd-arm64': [ '0.21.5' ],
61 silly audit   '@esbuild/freebsd-x64': [ '0.21.5' ],
61 silly audit   '@esbuild/linux-arm': [ '0.21.5' ],
61 silly audit   '@esbuild/linux-arm64': [ '0.21.5' ],
61 silly audit   '@esbuild/linux-ia32': [ '0.21.5' ],
61 silly audit   '@esbuild/linux-loong64': [ '0.21.5' ],
61 silly audit   '@esbuild/linux-mips64el': [ '0.21.5' ],
61 silly audit   '@esbuild/linux-ppc64': [ '0.21.5' ],
61 silly audit   '@esbuild/linux-riscv64': [ '0.21.5' ],
61 silly audit   '@esbuild/linux-s390x': [ '0.21.5' ],
61 silly audit   '@esbuild/linux-x64': [ '0.21.5' ],
61 silly audit   '@esbuild/netbsd-x64': [ '0.21.5' ],
61 silly audit   '@esbuild/openbsd-x64': [ '0.21.5' ],
61 silly audit   '@esbuild/sunos-x64': [ '0.21.5' ],
61 silly audit   '@esbuild/win32-arm64': [ '0.21.5' ],
61 silly audit   '@esbuild/win32-ia32': [ '0.21.5' ],
61 silly audit   escalade: [ '3.2.0' ],
61 silly audit   fflate: [ '0.8.2', '0.6.10' ],
61 silly audit   gensync: [ '1.0.0-beta.2' ],
61 silly audit   'glsl-noise': [ '0.0.0' ],
61 silly audit   'hls.js': [ '1.6.16' ],
61 silly audit   ieee754: [ '1.2.1' ],
61 silly audit   immediate: [ '3.0.6' ],
61 silly audit   'is-promise': [ '2.2.2' ],
61 silly audit   isexe: [ '2.0.0' ],
61 silly audit   'its-fine': [ '1.2.5' ],
61 silly audit   'js-tokens': [ '4.0.0' ],
61 silly audit   jsesc: [ '3.1.0' ],
61 silly audit   json5: [ '2.2.3' ],
61 silly audit   lie: [ '3.3.0' ],
61 silly audit   'loose-envify': [ '1.4.0' ],
61 silly audit   'lru-cache': [ '5.1.1' ],
61 silly audit   maath: [ '0.10.8' ],
61 silly audit   meshline: [ '3.3.1' ],
61 silly audit   meshoptimizer: [ '1.1.1' ],
61 silly audit   ms: [ '2.1.3' ],
61 silly audit   nanoid: [ '3.3.11' ],
61 silly audit   'node-releases': [ '2.0.38' ],
61 silly audit   'object-assign': [ '4.1.1' ],
61 silly audit   'path-key': [ '3.1.1' ],
61 silly audit   picocolors: [ '1.1.1' ],
61 silly audit   postcss: [ '8.5.10' ],
61 silly audit   potpack: [ '1.0.2' ],
61 silly audit   'promise-worker-transferable': [ '1.0.4' ],
61 silly audit   'prop-types': [ '15.8.1' ],
61 silly audit   react: [ '18.3.1' ],
61 silly audit   'react-composer': [ '5.0.3' ],
61 silly audit   'react-dom': [ '18.3.1' ],
61 silly audit   'react-is': [ '16.13.1' ],
61 silly audit   'react-reconciler': [ '0.27.0' ],
61 silly audit   'react-refresh': [ '0.17.0' ],
61 silly audit   'react-use-measure': [ '2.1.7' ],
61 silly audit   'require-from-string': [ '2.0.2' ],
61 silly audit   rollup: [ '4.60.2' ],
61 silly audit   '@rollup/rollup-android-arm-eabi': [ '4.60.2' ],
61 silly audit   '@rollup/rollup-android-arm64': [ '4.60.2' ],
61 silly audit   '@rollup/rollup-darwin-arm64': [ '4.60.2' ],
61 silly audit   '@rollup/rollup-darwin-x64': [ '4.60.2' ],
61 silly audit   '@rollup/rollup-freebsd-arm64': [ '4.60.2' ],
61 silly audit   '@rollup/rollup-freebsd-x64': [ '4.60.2' ],
61 silly audit   '@rollup/rollup-linux-arm-gnueabihf': [ '4.60.2' ],
61 silly audit   '@rollup/rollup-linux-arm-musleabihf': [ '4.60.2' ],
61 silly audit   '@rollup/rollup-linux-arm64-gnu': [ '4.60.2' ],
61 silly audit   '@rollup/rollup-linux-arm64-musl': [ '4.60.2' ],
61 silly audit   '@rollup/rollup-linux-loong64-gnu': [ '4.60.2' ],
61 silly audit   '@rollup/rollup-linux-loong64-musl': [ '4.60.2' ],
61 silly audit   '@rollup/rollup-linux-ppc64-gnu': [ '4.60.2' ],
61 silly audit   '@rollup/rollup-linux-ppc64-musl': [ '4.60.2' ],
61 silly audit   '@rollup/rollup-linux-riscv64-gnu': [ '4.60.2' ],
61 silly audit   '@rollup/rollup-linux-riscv64-musl': [ '4.60.2' ],
61 silly audit   '@rollup/rollup-linux-s390x-gnu': [ '4.60.2' ],
61 silly audit   '@rollup/rollup-linux-x64-gnu': [ '4.60.2' ],
61 silly audit   '@rollup/rollup-linux-x64-musl': [ '4.60.2' ],
61 silly audit   '@rollup/rollup-openbsd-x64': [ '4.60.2' ],
61 silly audit   '@rollup/rollup-openharmony-arm64': [ '4.60.2' ],
61 silly audit   '@rollup/rollup-win32-arm64-msvc': [ '4.60.2' ],
61 silly audit   '@rollup/rollup-win32-ia32-msvc': [ '4.60.2' ],
61 silly audit   fsevents: [ '2.3.3' ],
61 silly audit   semver: [ '6.3.1' ],
61 silly audit   'shebang-command': [ '2.0.0' ],
61 silly audit   'shebang-regex': [ '3.0.0' ],
61 silly audit   'source-map-js': [ '1.2.1' ],
61 silly audit   'stats-gl': [ '2.4.2' ],
61 silly audit   three: [ '0.170.0', '0.184.0' ],
61 silly audit   'stats.js': [ '0.17.0' ],
61 silly audit   'suspend-react': [ '0.1.3' ],
61 silly audit   'three-mesh-bvh': [ '0.7.8' ],
61 silly audit   'three-stdlib': [ '2.36.1' ],
61 silly audit   'troika-three-text': [ '0.52.4' ],
61 silly audit   'troika-three-utils': [ '0.52.4' ],
61 silly audit   'troika-worker-utils': [ '0.52.0' ],
61 silly audit   'tunnel-rat': [ '0.1.2' ],
61 silly audit   typescript: [ '5.9.3' ],
61 silly audit   'update-browserslist-db': [ '1.2.3' ],
61 silly audit   'use-sync-external-store': [ '1.6.0' ],
61 silly audit   'utility-types': [ '3.11.0' ],
61 silly audit   vite: [ '5.4.21' ],
61 silly audit   'webgl-constants': [ '1.1.1' ],
61 silly audit   'webgl-sdf-generator': [ '1.1.1' ],
61 silly audit   which: [ '2.0.2' ],
61 silly audit   yallist: [ '3.1.1' ],
61 silly audit   zod: [ '4.3.6' ],
61 silly audit   'polygon-clipping': [ '0.15.7' ],
61 silly audit   'robust-predicates': [ '3.0.3' ],
61 silly audit   splaytree: [ '3.2.3' ]
61 silly audit }
62 verbose reify failed optional dependency G:\DevSpace\Python\GazeboWorldCreator\web\node_modules\vite\node_modules\fsevents
63 silly reify mark deleted [
63 silly reify   'G:\\DevSpace\\Python\\GazeboWorldCreator\\web\\node_modules\\vite\\node_modules\\fsevents'
63 silly reify ]
64 verbose reify failed optional dependency G:\DevSpace\Python\GazeboWorldCreator\web\node_modules\rollup\node_modules\fsevents
65 silly reify mark deleted [
65 silly reify   'G:\\DevSpace\\Python\\GazeboWorldCreator\\web\\node_modules\\rollup\\node_modules\\fsevents'
65 silly reify ]
66 verbose reify failed optional dependency G:\DevSpace\Python\GazeboWorldCreator\web\node_modules\rollup\node_modules\@rollup\rollup-win32-ia32-msvc
67 silly reify mark deleted [
67 silly reify   'G:\\DevSpace\\Python\\GazeboWorldCreator\\web\\node_modules\\rollup\\node_modules\\@rollup\\rollup-win32-ia32-msvc'
67 silly reify ]
68 verbose reify failed optional dependency G:\DevSpace\Python\GazeboWorldCreator\web\node_modules\rollup\node_modules\@rollup\rollup-win32-arm64-msvc
69 silly reify mark deleted [
69 silly reify   'G:\\DevSpace\\Python\\GazeboWorldCreator\\web\\node_modules\\rollup\\node_modules\\@rollup\\rollup-win32-arm64-msvc'
69 silly reify ]
70 verbose reify failed optional dependency G:\DevSpace\Python\GazeboWorldCreator\web\node_modules\rollup\node_modules\@rollup\rollup-openharmony-arm64
71 silly reify mark deleted [
71 silly reify   'G:\\DevSpace\\Python\\GazeboWorldCreator\\web\\node_modules\\rollup\\node_modules\\@rollup\\rollup-openharmony-arm64'
71 silly reify ]
72 verbose reify failed optional dependency G:\DevSpace\Python\GazeboWorldCreator\web\node_modules\rollup\node_modules\@rollup\rollup-openbsd-x64
73 silly reify mark deleted [
73 silly reify   'G:\\DevSpace\\Python\\GazeboWorldCreator\\web\\node_modules\\rollup\\node_modules\\@rollup\\rollup-openbsd-x64'
73 silly reify ]
74 verbose reify failed optional dependency G:\DevSpace\Python\GazeboWorldCreator\web\node_modules\rollup\node_modules\@rollup\rollup-linux-x64-musl
75 silly reify mark deleted [
75 silly reify   'G:\\DevSpace\\Python\\GazeboWorldCreator\\web\\node_modules\\rollup\\node_modules\\@rollup\\rollup-linux-x64-musl'
75 silly reify ]
76 verbose reify failed optional dependency G:\DevSpace\Python\GazeboWorldCreator\web\node_modules\rollup\node_modules\@rollup\rollup-linux-x64-gnu
77 silly reify mark deleted [
77 silly reify   'G:\\DevSpace\\Python\\GazeboWorldCreator\\web\\node_modules\\rollup\\node_modules\\@rollup\\rollup-linux-x64-gnu'
77 silly reify ]
78 verbose reify failed optional dependency G:\DevSpace\Python\GazeboWorldCreator\web\node_modules\rollup\node_modules\@rollup\rollup-linux-s390x-gnu
79 silly reify mark deleted [
79 silly reify   'G:\\DevSpace\\Python\\GazeboWorldCreator\\web\\node_modules\\rollup\\node_modules\\@rollup\\rollup-linux-s390x-gnu'
79 silly reify ]
80 verbose reify failed optional dependency G:\DevSpace\Python\GazeboWorldCreator\web\node_modules\rollup\node_modules\@rollup\rollup-linux-riscv64-musl
81 silly reify mark deleted [
81 silly reify   'G:\\DevSpace\\Python\\GazeboWorldCreator\\web\\node_modules\\rollup\\node_modules\\@rollup\\rollup-linux-riscv64-musl'
81 silly reify ]
82 verbose reify failed optional dependency G:\DevSpace\Python\GazeboWorldCreator\web\node_modules\rollup\node_modules\@rollup\rollup-linux-riscv64-gnu
83 silly reify mark deleted [
83 silly reify   'G:\\DevSpace\\Python\\GazeboWorldCreator\\web\\node_modules\\rollup\\node_modules\\@rollup\\rollup-linux-riscv64-gnu'
83 silly reify ]
84 verbose reify failed optional dependency G:\DevSpace\Python\GazeboWorldCreator\web\node_modules\rollup\node_modules\@rollup\rollup-linux-ppc64-musl
85 silly reify mark deleted [
85 silly reify   'G:\\DevSpace\\Python\\GazeboWorldCreator\\web\\node_modules\\rollup\\node_modules\\@rollup\\rollup-linux-ppc64-musl'
85 silly reify ]
86 verbose reify failed optional dependency G:\DevSpace\Python\GazeboWorldCreator\web\node_modules\rollup\node_modules\@rollup\rollup-linux-ppc64-gnu
87 silly reify mark deleted [
87 silly reify   'G:\\DevSpace\\Python\\GazeboWorldCreator\\web\\node_modules\\rollup\\node_modules\\@rollup\\rollup-linux-ppc64-gnu'
87 silly reify ]
88 verbose reify failed optional dependency G:\DevSpace\Python\GazeboWorldCreator\web\node_modules\rollup\node_modules\@rollup\rollup-linux-loong64-musl
89 silly reify mark deleted [
89 silly reify   'G:\\DevSpace\\Python\\GazeboWorldCreator\\web\\node_modules\\rollup\\node_modules\\@rollup\\rollup-linux-loong64-musl'
89 silly reify ]
90 verbose reify failed optional dependency G:\DevSpace\Python\GazeboWorldCreator\web\node_modules\rollup\node_modules\@rollup\rollup-linux-loong64-gnu
91 silly reify mark deleted [
91 silly reify   'G:\\DevSpace\\Python\\GazeboWorldCreator\\web\\node_modules\\rollup\\node_modules\\@rollup\\rollup-linux-loong64-gnu'
91 silly reify ]
92 verbose reify failed optional dependency G:\DevSpace\Python\GazeboWorldCreator\web\node_modules\rollup\node_modules\@rollup\rollup-linux-arm64-musl
93 silly reify mark deleted [
93 silly reify   'G:\\DevSpace\\Python\\GazeboWorldCreator\\web\\node_modules\\rollup\\node_modules\\@rollup\\rollup-linux-arm64-musl'
93 silly reify ]
94 verbose reify failed optional dependency G:\DevSpace\Python\GazeboWorldCreator\web\node_modules\rollup\node_modules\@rollup\rollup-linux-arm64-gnu
95 silly reify mark deleted [
95 silly reify   'G:\\DevSpace\\Python\\GazeboWorldCreator\\web\\node_modules\\rollup\\node_modules\\@rollup\\rollup-linux-arm64-gnu'
95 silly reify ]
96 verbose reify failed optional dependency G:\DevSpace\Python\GazeboWorldCreator\web\node_modules\rollup\node_modules\@rollup\rollup-linux-arm-musleabihf
97 silly reify mark deleted [
97 silly reify   'G:\\DevSpace\\Python\\GazeboWorldCreator\\web\\node_modules\\rollup\\node_modules\\@rollup\\rollup-linux-arm-musleabihf'
97 silly reify ]
98 verbose reify failed optional dependency G:\DevSpace\Python\GazeboWorldCreator\web\node_modules\rollup\node_modules\@rollup\rollup-linux-arm-gnueabihf
99 silly reify mark deleted [
99 silly reify   'G:\\DevSpace\\Python\\GazeboWorldCreator\\web\\node_modules\\rollup\\node_modules\\@rollup\\rollup-linux-arm-gnueabihf'
99 silly reify ]
100 verbose reify failed optional dependency G:\DevSpace\Python\GazeboWorldCreator\web\node_modules\rollup\node_modules\@rollup\rollup-freebsd-x64
101 silly reify mark deleted [
101 silly reify   'G:\\DevSpace\\Python\\GazeboWorldCreator\\web\\node_modules\\rollup\\node_modules\\@rollup\\rollup-freebsd-x64'
101 silly reify ]
102 verbose reify failed optional dependency G:\DevSpace\Python\GazeboWorldCreator\web\node_modules\rollup\node_modules\@rollup\rollup-freebsd-arm64
103 silly reify mark deleted [
103 silly reify   'G:\\DevSpace\\Python\\GazeboWorldCreator\\web\\node_modules\\rollup\\node_modules\\@rollup\\rollup-freebsd-arm64'
103 silly reify ]
104 verbose reify failed optional dependency G:\DevSpace\Python\GazeboWorldCreator\web\node_modules\rollup\node_modules\@rollup\rollup-darwin-x64
105 silly reify mark deleted [
105 silly reify   'G:\\DevSpace\\Python\\GazeboWorldCreator\\web\\node_modules\\rollup\\node_modules\\@rollup\\rollup-darwin-x64'
105 silly reify ]
106 verbose reify failed optional dependency G:\DevSpace\Python\GazeboWorldCreator\web\node_modules\rollup\node_modules\@rollup\rollup-darwin-arm64
107 silly reify mark deleted [
107 silly reify   'G:\\DevSpace\\Python\\GazeboWorldCreator\\web\\node_modules\\rollup\\node_modules\\@rollup\\rollup-darwin-arm64'
107 silly reify ]
108 verbose reify failed optional dependency G:\DevSpace\Python\GazeboWorldCreator\web\node_modules\rollup\node_modules\@rollup\rollup-android-arm64
109 silly reify mark deleted [
109 silly reify   'G:\\DevSpace\\Python\\GazeboWorldCreator\\web\\node_modules\\rollup\\node_modules\\@rollup\\rollup-android-arm64'
109 silly reify ]
110 verbose reify failed optional dependency G:\DevSpace\Python\GazeboWorldCreator\web\node_modules\rollup\node_modules\@rollup\rollup-android-arm-eabi
111 silly reify mark deleted [
111 silly reify   'G:\\DevSpace\\Python\\GazeboWorldCreator\\web\\node_modules\\rollup\\node_modules\\@rollup\\rollup-android-arm-eabi'
111 silly reify ]
112 verbose reify failed optional dependency G:\DevSpace\Python\GazeboWorldCreator\web\node_modules\esbuild\node_modules\@esbuild\win32-ia32
113 silly reify mark deleted [
113 silly reify   'G:\\DevSpace\\Python\\GazeboWorldCreator\\web\\node_modules\\esbuild\\node_modules\\@esbuild\\win32-ia32'
113 silly reify ]
114 verbose reify failed optional dependency G:\DevSpace\Python\GazeboWorldCreator\web\node_modules\esbuild\node_modules\@esbuild\win32-arm64
115 silly reify mark deleted [
115 silly reify   'G:\\DevSpace\\Python\\GazeboWorldCreator\\web\\node_modules\\esbuild\\node_modules\\@esbuild\\win32-arm64'
115 silly reify ]
116 verbose reify failed optional dependency G:\DevSpace\Python\GazeboWorldCreator\web\node_modules\esbuild\node_modules\@esbuild\sunos-x64
117 silly reify mark deleted [
117 silly reify   'G:\\DevSpace\\Python\\GazeboWorldCreator\\web\\node_modules\\esbuild\\node_modules\\@esbuild\\sunos-x64'
117 silly reify ]
118 verbose reify failed optional dependency G:\DevSpace\Python\GazeboWorldCreator\web\node_modules\esbuild\node_modules\@esbuild\openbsd-x64
119 silly reify mark deleted [
119 silly reify   'G:\\DevSpace\\Python\\GazeboWorldCreator\\web\\node_modules\\esbuild\\node_modules\\@esbuild\\openbsd-x64'
119 silly reify ]
120 verbose reify failed optional dependency G:\DevSpace\Python\GazeboWorldCreator\web\node_modules\esbuild\node_modules\@esbuild\netbsd-x64
121 silly reify mark deleted [
121 silly reify   'G:\\DevSpace\\Python\\GazeboWorldCreator\\web\\node_modules\\esbuild\\node_modules\\@esbuild\\netbsd-x64'
121 silly reify ]
122 verbose reify failed optional dependency G:\DevSpace\Python\GazeboWorldCreator\web\node_modules\esbuild\node_modules\@esbuild\linux-x64
123 silly reify mark deleted [
123 silly reify   'G:\\DevSpace\\Python\\GazeboWorldCreator\\web\\node_modules\\esbuild\\node_modules\\@esbuild\\linux-x64'
123 silly reify ]
124 verbose reify failed optional dependency G:\DevSpace\Python\GazeboWorldCreator\web\node_modules\esbuild\node_modules\@esbuild\linux-s390x
125 silly reify mark deleted [
125 silly reify   'G:\\DevSpace\\Python\\GazeboWorldCreator\\web\\node_modules\\esbuild\\node_modules\\@esbuild\\linux-s390x'
125 silly reify ]
126 verbose reify failed optional dependency G:\DevSpace\Python\GazeboWorldCreator\web\node_modules\esbuild\node_modules\@esbuild\linux-riscv64
127 silly reify mark deleted [
127 silly reify   'G:\\DevSpace\\Python\\GazeboWorldCreator\\web\\node_modules\\esbuild\\node_modules\\@esbuild\\linux-riscv64'
127 silly reify ]
128 verbose reify failed optional dependency G:\DevSpace\Python\GazeboWorldCreator\web\node_modules\esbuild\node_modules\@esbuild\linux-ppc64
129 silly reify mark deleted [
129 silly reify   'G:\\DevSpace\\Python\\GazeboWorldCreator\\web\\node_modules\\esbuild\\node_modules\\@esbuild\\linux-ppc64'
129 silly reify ]
130 verbose reify failed optional dependency G:\DevSpace\Python\GazeboWorldCreator\web\node_modules\esbuild\node_modules\@esbuild\linux-mips64el
131 silly reify mark deleted [
131 silly reify   'G:\\DevSpace\\Python\\GazeboWorldCreator\\web\\node_modules\\esbuild\\node_modules\\@esbuild\\linux-mips64el'
131 silly reify ]
132 verbose reify failed optional dependency G:\DevSpace\Python\GazeboWorldCreator\web\node_modules\esbuild\node_modules\@esbuild\linux-loong64
133 silly reify mark deleted [
133 silly reify   'G:\\DevSpace\\Python\\GazeboWorldCreator\\web\\node_modules\\esbuild\\node_modules\\@esbuild\\linux-loong64'
133 silly reify ]
134 verbose reify failed optional dependency G:\DevSpace\Python\GazeboWorldCreator\web\node_modules\esbuild\node_modules\@esbuild\linux-ia32
135 silly reify mark deleted [
135 silly reify   'G:\\DevSpace\\Python\\GazeboWorldCreator\\web\\node_modules\\esbuild\\node_modules\\@esbuild\\linux-ia32'
135 silly reify ]
136 verbose reify failed optional dependency G:\DevSpace\Python\GazeboWorldCreator\web\node_modules\esbuild\node_modules\@esbuild\linux-arm64
137 silly reify mark deleted [
137 silly reify   'G:\\DevSpace\\Python\\GazeboWorldCreator\\web\\node_modules\\esbuild\\node_modules\\@esbuild\\linux-arm64'
137 silly reify ]
138 verbose reify failed optional dependency G:\DevSpace\Python\GazeboWorldCreator\web\node_modules\esbuild\node_modules\@esbuild\linux-arm
139 silly reify mark deleted [
139 silly reify   'G:\\DevSpace\\Python\\GazeboWorldCreator\\web\\node_modules\\esbuild\\node_modules\\@esbuild\\linux-arm'
139 silly reify ]
140 verbose reify failed optional dependency G:\DevSpace\Python\GazeboWorldCreator\web\node_modules\esbuild\node_modules\@esbuild\freebsd-x64
141 silly reify mark deleted [
141 silly reify   'G:\\DevSpace\\Python\\GazeboWorldCreator\\web\\node_modules\\esbuild\\node_modules\\@esbuild\\freebsd-x64'
141 silly reify ]
142 verbose reify failed optional dependency G:\DevSpace\Python\GazeboWorldCreator\web\node_modules\esbuild\node_modules\@esbuild\freebsd-arm64
143 silly reify mark deleted [
143 silly reify   'G:\\DevSpace\\Python\\GazeboWorldCreator\\web\\node_modules\\esbuild\\node_modules\\@esbuild\\freebsd-arm64'
143 silly reify ]
144 verbose reify failed optional dependency G:\DevSpace\Python\GazeboWorldCreator\web\node_modules\esbuild\node_modules\@esbuild\darwin-x64
145 silly reify mark deleted [
145 silly reify   'G:\\DevSpace\\Python\\GazeboWorldCreator\\web\\node_modules\\esbuild\\node_modules\\@esbuild\\darwin-x64'
145 silly reify ]
146 verbose reify failed optional dependency G:\DevSpace\Python\GazeboWorldCreator\web\node_modules\esbuild\node_modules\@esbuild\darwin-arm64
147 silly reify mark deleted [
147 silly reify   'G:\\DevSpace\\Python\\GazeboWorldCreator\\web\\node_modules\\esbuild\\node_modules\\@esbuild\\darwin-arm64'
147 silly reify ]
148 verbose reify failed optional dependency G:\DevSpace\Python\GazeboWorldCreator\web\node_modules\esbuild\node_modules\@esbuild\android-x64
149 silly reify mark deleted [
149 silly reify   'G:\\DevSpace\\Python\\GazeboWorldCreator\\web\\node_modules\\esbuild\\node_modules\\@esbuild\\android-x64'
149 silly reify ]
150 verbose reify failed optional dependency G:\DevSpace\Python\GazeboWorldCreator\web\node_modules\esbuild\node_modules\@esbuild\android-arm64
151 silly reify mark deleted [
151 silly reify   'G:\\DevSpace\\Python\\GazeboWorldCreator\\web\\node_modules\\esbuild\\node_modules\\@esbuild\\android-arm64'
151 silly reify ]
152 verbose reify failed optional dependency G:\DevSpace\Python\GazeboWorldCreator\web\node_modules\esbuild\node_modules\@esbuild\android-arm
153 silly reify mark deleted [
153 silly reify   'G:\\DevSpace\\Python\\GazeboWorldCreator\\web\\node_modules\\esbuild\\node_modules\\@esbuild\\android-arm'
153 silly reify ]
154 verbose reify failed optional dependency G:\DevSpace\Python\GazeboWorldCreator\web\node_modules\esbuild\node_modules\@esbuild\aix-ppc64
155 silly reify mark deleted [
155 silly reify   'G:\\DevSpace\\Python\\GazeboWorldCreator\\web\\node_modules\\esbuild\\node_modules\\@esbuild\\aix-ppc64'
155 silly reify ]
156 timing reifyNode:node_modules/vite/node_modules/fsevents Completed in 17ms
157 timing reifyNode:node_modules/rollup/node_modules/fsevents Completed in 17ms
158 timing reifyNode:node_modules/rollup/node_modules/@rollup/rollup-win32-ia32-msvc Completed in 17ms
159 timing reifyNode:node_modules/rollup/node_modules/@rollup/rollup-win32-arm64-msvc Completed in 16ms
160 timing reifyNode:node_modules/rollup/node_modules/@rollup/rollup-openharmony-arm64 Completed in 17ms
161 timing reifyNode:node_modules/rollup/node_modules/@rollup/rollup-openbsd-x64 Completed in 17ms
162 timing reifyNode:node_modules/rollup/node_modules/@rollup/rollup-linux-x64-musl Completed in 17ms
163 timing reifyNode:node_modules/rollup/node_modules/@rollup/rollup-linux-x64-gnu Completed in 17ms
164 timing reifyNode:node_modules/rollup/node_modules/@rollup/rollup-linux-s390x-gnu Completed in 17ms
165 timing reifyNode:node_modules/rollup/node_modules/@rollup/rollup-linux-riscv64-musl Completed in 17ms
166 timing reifyNode:node_modules/rollup/node_modules/@rollup/rollup-linux-riscv64-gnu Completed in 17ms
167 timing reifyNode:node_modules/rollup/node_modules/@rollup/rollup-linux-ppc64-musl Completed in 17ms
168 timing reifyNode:node_modules/rollup/node_modules/@rollup/rollup-linux-ppc64-gnu Completed in 17ms
169 timing reifyNode:node_modules/rollup/node_modules/@rollup/rollup-linux-loong64-musl Completed in 17ms
170 timing reifyNode:node_modules/rollup/node_modules/@rollup/rollup-linux-loong64-gnu Completed in 17ms
171 timing reifyNode:node_modules/rollup/node_modules/@rollup/rollup-linux-arm64-musl Completed in 17ms
172 timing reifyNode:node_modules/rollup/node_modules/@rollup/rollup-linux-arm64-gnu Completed in 17ms
173 timing reifyNode:node_modules/rollup/node_modules/@rollup/rollup-linux-arm-musleabihf Completed in 17ms
174 timing reifyNode:node_modules/rollup/node_modules/@rollup/rollup-linux-arm-gnueabihf Completed in 17ms
175 timing reifyNode:node_modules/rollup/node_modules/@rollup/rollup-freebsd-x64 Completed in 17ms
176 timing reifyNode:node_modules/rollup/node_modules/@rollup/rollup-freebsd-arm64 Completed in 17ms
177 timing reifyNode:node_modules/rollup/node_modules/@rollup/rollup-darwin-x64 Completed in 17ms
178 timing reifyNode:node_modules/rollup/node_modules/@rollup/rollup-darwin-arm64 Completed in 17ms
179 timing reifyNode:node_modules/rollup/node_modules/@rollup/rollup-android-arm64 Completed in 17ms
180 timing reifyNode:node_modules/rollup/node_modules/@rollup/rollup-android-arm-eabi Completed in 17ms
181 timing reifyNode:node_modules/esbuild/node_modules/@esbuild/win32-ia32 Completed in 17ms
182 timing reifyNode:node_modules/esbuild/node_modules/@esbuild/win32-arm64 Completed in 17ms
183 timing reifyNode:node_modules/esbuild/node_modules/@esbuild/sunos-x64 Completed in 17ms
184 timing reifyNode:node_modules/esbuild/node_modules/@esbuild/openbsd-x64 Completed in 17ms
185 timing reifyNode:node_modules/esbuild/node_modules/@esbuild/netbsd-x64 Completed in 17ms
186 timing reifyNode:node_modules/esbuild/node_modules/@esbuild/linux-x64 Completed in 17ms
187 timing reifyNode:node_modules/esbuild/node_modules/@esbuild/linux-s390x Completed in 17ms
188 timing reifyNode:node_modules/esbuild/node_modules/@esbuild/linux-riscv64 Completed in 17ms
189 timing reifyNode:node_modules/esbuild/node_modules/@esbuild/linux-ppc64 Completed in 17ms
190 timing reifyNode:node_modules/esbuild/node_modules/@esbuild/linux-mips64el Completed in 17ms
191 timing reifyNode:node_modules/esbuild/node_modules/@esbuild/linux-loong64 Completed in 17ms
192 timing reifyNode:node_modules/esbuild/node_modules/@esbuild/linux-ia32 Completed in 17ms
193 timing reifyNode:node_modules/esbuild/node_modules/@esbuild/linux-arm64 Completed in 17ms
194 timing reifyNode:node_modules/esbuild/node_modules/@esbuild/linux-arm Completed in 18ms
195 timing reifyNode:node_modules/esbuild/node_modules/@esbuild/freebsd-x64 Completed in 18ms
196 timing reifyNode:node_modules/esbuild/node_modules/@esbuild/freebsd-arm64 Completed in 18ms
197 timing reifyNode:node_modules/esbuild/node_modules/@esbuild/darwin-x64 Completed in 17ms
198 timing reifyNode:node_modules/esbuild/node_modules/@esbuild/darwin-arm64 Completed in 17ms
199 timing reifyNode:node_modules/esbuild/node_modules/@esbuild/android-x64 Completed in 17ms
200 timing reifyNode:node_modules/esbuild/node_modules/@esbuild/android-arm64 Completed in 17ms
201 timing reifyNode:node_modules/esbuild/node_modules/@esbuild/android-arm Completed in 17ms
202 timing reifyNode:node_modules/esbuild/node_modules/@esbuild/aix-ppc64 Completed in 17ms
203 silly tarball no local data for splaytree@https://registry.npmjs.org/splaytree/-/splaytree-3.2.3.tgz. Extracting by manifest.
204 silly tarball no local data for robust-predicates@https://registry.npmjs.org/robust-predicates/-/robust-predicates-3.0.3.tgz. Extracting by manifest.
205 silly tarball no local data for polygon-clipping@https://registry.npmjs.org/polygon-clipping/-/polygon-clipping-0.15.7.tgz. Extracting by manifest.
206 http fetch GET 200 https://registry.npmjs.org/splaytree/-/splaytree-3.2.3.tgz 85ms (cache miss)
207 timing reifyNode:node_modules/splaytree Completed in 112ms
208 http fetch GET 200 https://registry.npmjs.org/robust-predicates/-/robust-predicates-3.0.3.tgz 102ms (cache miss)
209 timing reifyNode:node_modules/robust-predicates Completed in 131ms
210 http fetch POST 200 https://registry.npmjs.org/-/npm/v1/security/advisories/bulk 226ms
211 timing auditReport:getReport Completed in 231ms
212 silly audit report {
212 silly audit report   '@babel/core': [
212 silly audit report     {
212 silly audit report       id: 1123528,
212 silly audit report       url: 'https://github.com/advisories/GHSA-4x5r-pxfx-6jf8',
212 silly audit report       title: '@babel/core: Arbitrary File Read via sourceMappingURL Comment',
212 silly audit report       severity: 'low',
212 silly audit report       vulnerable_versions: '<=7.29.0',
212 silly audit report       cwe: [Array],
212 silly audit report       cvss: [Object]
212 silly audit report     }
212 silly audit report   ],
212 silly audit report   esbuild: [
212 silly audit report     {
212 silly audit report       id: 1102341,
212 silly audit report       url: 'https://github.com/advisories/GHSA-67mh-4wv8-2f99',
212 silly audit report       title: 'esbuild enables any website to send any requests to the development server and read the response',
212 silly audit report       severity: 'moderate',
212 silly audit report       vulnerable_versions: '<=0.24.2',
212 silly audit report       cwe: [Array],
212 silly audit report       cvss: [Object]
212 silly audit report     }
212 silly audit report   ],
212 silly audit report   postcss: [
212 silly audit report     {
212 silly audit report       id: 1130709,
212 silly audit report       url: 'https://github.com/advisories/GHSA-fxqj-rqcc-2cmp',
212 silly audit report       title: 'PostCSS: incomplete fix of GHSA-6g55-p6wh-862q — attacker-controlled sourceMappingURL reads arbitrary .map files when `from` is unset',
212 silly audit report       severity: 'moderate',
212 silly audit report       vulnerable_versions: '<=8.5.22',
212 silly audit report       cwe: [Array],
212 silly audit report       cvss: [Object]
212 silly audit report     },
212 silly audit report     {
212 silly audit report       id: 1124252,
212 silly audit report       url: 'https://github.com/advisories/GHSA-6g55-p6wh-862q',
212 silly audit report       title: 'PostCSS: Arbitrary file read and information disclosure via attacker-controlled sourceMappingURL in CSS comments',
212 silly audit report       severity: 'high',
212 silly audit report       vulnerable_versions: '<=8.5.11',
212 silly audit report       cwe: [Array],
212 silly audit report       cvss: [Object]
212 silly audit report     },
212 silly audit report     {
212 silly audit report       id: 1124288,
212 silly audit report       url: 'https://github.com/advisories/GHSA-r28c-9q8g-f849',
212 silly audit report       title: 'PostCSS: Path Traversal in Previous Source Map Auto-Loading (sourceMappingURL) leads to Arbitrary .map File Disclosure',
212 silly audit report       severity: 'high',
212 silly audit report       vulnerable_versions: '<=8.5.17',
212 silly audit report       cwe: [Array],
212 silly audit report       cvss: [Object]
212 silly audit report     }
212 silly audit report   ],
212 silly audit report   vite: [
212 silly audit report     {
212 silly audit report       id: 1120784,
212 silly audit report       url: 'https://github.com/advisories/GHSA-v6wh-96g9-6wx3',
212 silly audit report       title: 'launch-editor: NTLMv2 hash disclosure via UNC path handling on Windows',
212 silly audit report       severity: 'moderate',
212 silly audit report       vulnerable_versions: '<=6.4.2',
212 silly audit report       cwe: [Array],
212 silly audit report       cvss: [Object]
212 silly audit report     },
212 silly audit report     {
212 silly audit report       id: 1116229,
212 silly audit report       url: 'https://github.com/advisories/GHSA-4w7w-66w2-5vf9',
212 silly audit report       title: 'Vite Vulnerable to Path Traversal in Optimized Deps `.map` Handling',
212 silly audit report       severity: 'moderate',
212 silly audit report       vulnerable_versions: '<=6.4.1',
212 silly audit report       cwe: [Array],
212 silly audit report       cvss: [Object]
212 silly audit report     },
212 silly audit report     {
212 silly audit report       id: 1123525,
212 silly audit report       url: 'https://github.com/advisories/GHSA-fx2h-pf6j-xcff',
212 silly audit report       title: 'vite: `server.fs.deny` bypass on Windows alternate paths',
212 silly audit report       severity: 'high',
212 silly audit report       vulnerable_versions: '<=6.4.2',
212 silly audit report       cwe: [Array],
212 silly audit report       cvss: [Object]
212 silly audit report     }
212 silly audit report   ]
212 silly audit report }
213 timing metavuln:cache:get:security-advisory:@babel/core:BK5WvESYy/vgjcUft4JcSTLQxxgL/mf1Et8Scy27+RzP2WzIEH3zb0giRIc4oLAbTysjD9NgXInGBTuJPnQacg== Completed in 6ms
214 timing metavuln:cache:get:security-advisory:esbuild:jKdCIzePj7J1488qgRXvF8Srh9wutSuR1exB8YooNX62hT+qhtrUXYbArLNoIhgwbaCqKpmduh18syZU7BR9SA== Completed in 5ms
215 timing metavuln:cache:get:security-advisory:postcss:AESkqup7C9sLtHL0OzenAvihqmLzSTOW4+0zIkCCeUjI0qvgEu/UCFfVCIlWzUpfDq20KxUSH5Ru8h4LoxJKRA== Completed in 4ms
216 timing metavuln:cache:get:security-advisory:postcss:vffDf5zeMAO2NG2g47VKaOSrYbOxy9RP7hONH+CZvut446KUCIkc3Fp1vXR3T1gMxB3d9F68wTGe2BUQF6ut/w== Completed in 3ms
217 timing metavuln:cache:get:security-advisory:postcss:o0q0EDh/c/yXO8mW7onxyfY8gGQ+yllv0PybMT2eaE76E/1OkdcEp4nbyN5c17b8FHTbrA+h3QdVSYn/qLhRng== Completed in 3ms
218 timing metavuln:cache:get:security-advisory:vite:CReXW7o3cJZ0aN4nhg/gRV1E8OPJ2SoGmmUw6lY2bLjCfF70z3PbDKbutfCbWYbBHkeQ6W4F2IxffSmtDjtaNw== Completed in 3ms
219 timing metavuln:cache:get:security-advisory:vite:I1BdsVrQ8+F0Nz5pjiEY7gYSFBzvKNwOR8nQyg9euOprN34SC4VipJH1GMc8WCRl+e0xZWGr2QiYwiNwqO4gag== Completed in 2ms
220 timing metavuln:cache:get:security-advisory:vite:eMMc8JhNvO5glHecr/Tzj6irpQ2XClO6WLy0eMQ1runry3c/+QJOQWsEHiljttVj4U5BjLuVLZPqZyDVgTsriA== Completed in 3ms
221 http fetch GET 200 https://registry.npmjs.org/polygon-clipping/-/polygon-clipping-0.15.7.tgz 214ms (cache miss)
222 timing reifyNode:node_modules/polygon-clipping Completed in 243ms
223 timing reify:unpack Completed in 244ms
224 timing reify:unretire Completed in 0ms
225 timing build:queue Completed in 3ms
226 timing build:deps Completed in 3ms
227 timing build Completed in 4ms
228 timing reify:build Completed in 5ms
229 timing reify:trash Completed in 4ms
230 timing reify:save Completed in 94ms
231 http fetch GET 200 https://registry.npmjs.org/@babel%2fcore 168ms (cache miss)
232 timing metavuln:packument:@babel/core Completed in 174ms
233 timing metavuln:load:security-advisory:@babel/core:1123528 Completed in 12ms
234 http fetch GET 200 https://registry.npmjs.org/postcss 189ms (cache miss)
235 timing metavuln:packument:postcss Completed in 193ms
236 timing metavuln:load:security-advisory:postcss:1130709 Completed in 10ms
237 timing metavuln:load:security-advisory:postcss:1124252 Completed in 4ms
238 timing metavuln:load:security-advisory:postcss:1124288 Completed in 1ms
239 timing metavuln:cache:put:security-advisory:@babel/core:BK5WvESYy/vgjcUft4JcSTLQxxgL/mf1Et8Scy27+RzP2WzIEH3zb0giRIc4oLAbTysjD9NgXInGBTuJPnQacg== Completed in 45ms
240 timing metavuln:calculate:security-advisory:@babel/core:1123528 Completed in 234ms
241 timing metavuln:cache:put:security-advisory:postcss:vffDf5zeMAO2NG2g47VKaOSrYbOxy9RP7hONH+CZvut446KUCIkc3Fp1vXR3T1gMxB3d9F68wTGe2BUQF6ut/w== Completed in 24ms
242 timing metavuln:calculate:security-advisory:postcss:1124252 Completed in 231ms
243 timing metavuln:cache:put:security-advisory:postcss:o0q0EDh/c/yXO8mW7onxyfY8gGQ+yllv0PybMT2eaE76E/1OkdcEp4nbyN5c17b8FHTbrA+h3QdVSYn/qLhRng== Completed in 21ms
244 timing metavuln:calculate:security-advisory:postcss:1124288 Completed in 232ms
245 timing metavuln:cache:put:security-advisory:postcss:AESkqup7C9sLtHL0OzenAvihqmLzSTOW4+0zIkCCeUjI0qvgEu/UCFfVCIlWzUpfDq20KxUSH5Ru8h4LoxJKRA== Completed in 30ms
246 timing metavuln:calculate:security-advisory:postcss:1130709 Completed in 233ms
247 http fetch GET 200 https://registry.npmjs.org/esbuild 240ms (cache miss)
248 timing metavuln:packument:esbuild Completed in 245ms
249 timing metavuln:load:security-advisory:esbuild:1102341 Completed in 6ms
250 timing metavuln:cache:put:security-advisory:esbuild:jKdCIzePj7J1488qgRXvF8Srh9wutSuR1exB8YooNX62hT+qhtrUXYbArLNoIhgwbaCqKpmduh18syZU7BR9SA== Completed in 8ms
251 timing metavuln:calculate:security-advisory:esbuild:1102341 Completed in 259ms
252 http fetch GET 200 https://registry.npmjs.org/vite 268ms (cache miss)
253 timing metavuln:packument:vite Completed in 294ms
254 timing metavuln:load:security-advisory:vite:1120784 Completed in 24ms
255 timing metavuln:load:security-advisory:vite:1116229 Completed in 17ms
256 timing metavuln:load:security-advisory:vite:1123525 Completed in 25ms
257 timing metavuln:cache:put:security-advisory:vite:CReXW7o3cJZ0aN4nhg/gRV1E8OPJ2SoGmmUw6lY2bLjCfF70z3PbDKbutfCbWYbBHkeQ6W4F2IxffSmtDjtaNw== Completed in 51ms
258 timing metavuln:calculate:security-advisory:vite:1120784 Completed in 369ms
259 timing metavuln:cache:put:security-advisory:vite:I1BdsVrQ8+F0Nz5pjiEY7gYSFBzvKNwOR8nQyg9euOprN34SC4VipJH1GMc8WCRl+e0xZWGr2QiYwiNwqO4gag== Completed in 34ms
260 timing metavuln:calculate:security-advisory:vite:1116229 Completed in 368ms
261 timing metavuln:cache:put:security-advisory:vite:eMMc8JhNvO5glHecr/Tzj6irpQ2XClO6WLy0eMQ1runry3c/+QJOQWsEHiljttVj4U5BjLuVLZPqZyDVgTsriA== Completed in 9ms
262 timing metavuln:calculate:security-advisory:vite:1123525 Completed in 370ms
263 timing metavuln:cache:get:security-advisory:@babel/helper-module-transforms:dSDxgM5vnKTPTyAYUsg8y+f+dNHh2uO0+9sbC/LvVCOcaKzxMfxhZQ7uE1YWhbbaNzd7WsiS75udZ9sgkBMwhQ== Completed in 5ms
264 timing metavuln:cache:get:security-advisory:@babel/plugin-transform-react-jsx-self:rzULcCArVWh0vx3RgXa8GatSe29884OyoGIm43/NohKsRa/ilpELfbkfhOF4PvYaIyVPx2t+EPERmiJxMYEHSg== Completed in 4ms
265 timing metavuln:cache:get:security-advisory:@babel/plugin-transform-react-jsx-source:/Z6xGZAksmPDmAj1J+rBQty3buSJxHljxtUtYqdF7Je1PTkFBoIti9KIazutbnopSddyGEG4uskT1PlegCDd+g== Completed in 3ms
266 timing metavuln:cache:get:security-advisory:@vitejs/plugin-react:428YNbkp1UfL+Q9DPzp6XPak2FIl98AgwXCUC2OyzUJX7hKlYAPFxlH/JZ9TfGx4I5yUff+jzNX0hgdqtlIBuw== Completed in 1ms
267 http fetch GET 200 https://registry.npmjs.org/@babel%2fplugin-transform-react-jsx-self 53ms (cache miss)
268 timing metavuln:packument:@babel/plugin-transform-react-jsx-self Completed in 55ms
269 timing metavuln:load:security-advisory:@babel/plugin-transform-react-jsx-self:BK5WvESYy/vgjcUft4JcSTLQxxgL/mf1Et8Scy27+RzP2WzIEH3zb0giRIc4oLAbTysjD9NgXInGBTuJPnQacg== Completed in 49ms
270 http fetch GET 200 https://registry.npmjs.org/@babel%2fhelper-module-transforms 106ms (cache miss)
271 timing metavuln:packument:@babel/helper-module-transforms Completed in 109ms
272 timing metavuln:load:security-advisory:@babel/helper-module-transforms:BK5WvESYy/vgjcUft4JcSTLQxxgL/mf1Et8Scy27+RzP2WzIEH3zb0giRIc4oLAbTysjD9NgXInGBTuJPnQacg== Completed in 6ms
273 http fetch GET 200 https://registry.npmjs.org/@babel%2fplugin-transform-react-jsx-source 115ms (cache miss)
274 timing metavuln:packument:@babel/plugin-transform-react-jsx-source Completed in 116ms
275 timing metavuln:load:security-advisory:@babel/plugin-transform-react-jsx-source:BK5WvESYy/vgjcUft4JcSTLQxxgL/mf1Et8Scy27+RzP2WzIEH3zb0giRIc4oLAbTysjD9NgXInGBTuJPnQacg== Completed in 5ms
276 http fetch GET 200 https://registry.npmjs.org/@vitejs%2fplugin-react 122ms (cache miss)
277 timing metavuln:packument:@vitejs/plugin-react Completed in 123ms
278 timing metavuln:load:security-advisory:@vitejs/plugin-react:BK5WvESYy/vgjcUft4JcSTLQxxgL/mf1Et8Scy27+RzP2WzIEH3zb0giRIc4oLAbTysjD9NgXInGBTuJPnQacg== Completed in 30ms
279 timing metavuln:cache:put:security-advisory:@babel/plugin-transform-react-jsx-self:rzULcCArVWh0vx3RgXa8GatSe29884OyoGIm43/NohKsRa/ilpELfbkfhOF4PvYaIyVPx2t+EPERmiJxMYEHSg== Completed in 54ms
280 timing metavuln:calculate:security-advisory:@babel/plugin-transform-react-jsx-self:BK5WvESYy/vgjcUft4JcSTLQxxgL/mf1Et8Scy27+RzP2WzIEH3zb0giRIc4oLAbTysjD9NgXInGBTuJPnQacg== Completed in 158ms
281 timing metavuln:cache:put:security-advisory:@babel/helper-module-transforms:dSDxgM5vnKTPTyAYUsg8y+f+dNHh2uO0+9sbC/LvVCOcaKzxMfxhZQ7uE1YWhbbaNzd7WsiS75udZ9sgkBMwhQ== Completed in 45ms
282 timing metavuln:calculate:security-advisory:@babel/helper-module-transforms:BK5WvESYy/vgjcUft4JcSTLQxxgL/mf1Et8Scy27+RzP2WzIEH3zb0giRIc4oLAbTysjD9NgXInGBTuJPnQacg== Completed in 160ms
283 timing metavuln:cache:put:security-advisory:@babel/plugin-transform-react-jsx-source:/Z6xGZAksmPDmAj1J+rBQty3buSJxHljxtUtYqdF7Je1PTkFBoIti9KIazutbnopSddyGEG4uskT1PlegCDd+g== Completed in 38ms
284 timing metavuln:calculate:security-advisory:@babel/plugin-transform-react-jsx-source:BK5WvESYy/vgjcUft4JcSTLQxxgL/mf1Et8Scy27+RzP2WzIEH3zb0giRIc4oLAbTysjD9NgXInGBTuJPnQacg== Completed in 161ms
285 timing metavuln:cache:put:security-advisory:@vitejs/plugin-react:428YNbkp1UfL+Q9DPzp6XPak2FIl98AgwXCUC2OyzUJX7hKlYAPFxlH/JZ9TfGx4I5yUff+jzNX0hgdqtlIBuw== Completed in 7ms
286 timing metavuln:calculate:security-advisory:@vitejs/plugin-react:BK5WvESYy/vgjcUft4JcSTLQxxgL/mf1Et8Scy27+RzP2WzIEH3zb0giRIc4oLAbTysjD9NgXInGBTuJPnQacg== Completed in 161ms
287 timing metavuln:cache:get:security-advisory:vite:tMBsdAS7JBTyRORp0YaJR984WAAsOxgmReSLBN0Nd41GhzEakjROICqAJ31iOdYG5Ijo/MlJ01p3ig1iN88+Tw== Completed in 0ms
288 timing metavuln:load:security-advisory:vite:jKdCIzePj7J1488qgRXvF8Srh9wutSuR1exB8YooNX62hT+qhtrUXYbArLNoIhgwbaCqKpmduh18syZU7BR9SA== Completed in 79ms
289 timing metavuln:cache:put:security-advisory:vite:tMBsdAS7JBTyRORp0YaJR984WAAsOxgmReSLBN0Nd41GhzEakjROICqAJ31iOdYG5Ijo/MlJ01p3ig1iN88+Tw== Completed in 5ms
290 timing metavuln:calculate:security-advisory:vite:jKdCIzePj7J1488qgRXvF8Srh9wutSuR1exB8YooNX62hT+qhtrUXYbArLNoIhgwbaCqKpmduh18syZU7BR9SA== Completed in 86ms
291 timing metavuln:cache:get:security-advisory:vite:I1mZwXzS5pGLUo1DyVV0p+vYF/RnO4wb1rpf/bbexYPQDTS39Qi8H0UT7OEnBldM5TDMF1sqZGVaAfHAHg/DBg== Completed in 0ms
292 timing metavuln:load:security-advisory:vite:AESkqup7C9sLtHL0OzenAvihqmLzSTOW4+0zIkCCeUjI0qvgEu/UCFfVCIlWzUpfDq20KxUSH5Ru8h4LoxJKRA== Completed in 71ms
293 timing metavuln:cache:put:security-advisory:vite:I1mZwXzS5pGLUo1DyVV0p+vYF/RnO4wb1rpf/bbexYPQDTS39Qi8H0UT7OEnBldM5TDMF1sqZGVaAfHAHg/DBg== Completed in 7ms
294 timing metavuln:calculate:security-advisory:vite:AESkqup7C9sLtHL0OzenAvihqmLzSTOW4+0zIkCCeUjI0qvgEu/UCFfVCIlWzUpfDq20KxUSH5Ru8h4LoxJKRA== Completed in 79ms
295 timing metavuln:cache:get:security-advisory:@vitejs/plugin-react:0wQCaOjcD8j0E7CMKhLqaS736eOSJ1bx2S6fgASRE/T1guYEGWsGCQ7ThaaT9lDO/+W4PkJcRr36iPsISMLuLg== Completed in 19ms
296 timing metavuln:load:security-advisory:@vitejs/plugin-react:CReXW7o3cJZ0aN4nhg/gRV1E8OPJ2SoGmmUw6lY2bLjCfF70z3PbDKbutfCbWYbBHkeQ6W4F2IxffSmtDjtaNw== Completed in 36ms
297 timing metavuln:cache:put:security-advisory:@vitejs/plugin-react:0wQCaOjcD8j0E7CMKhLqaS736eOSJ1bx2S6fgASRE/T1guYEGWsGCQ7ThaaT9lDO/+W4PkJcRr36iPsISMLuLg== Completed in 5ms
298 timing metavuln:calculate:security-advisory:@vitejs/plugin-react:CReXW7o3cJZ0aN4nhg/gRV1E8OPJ2SoGmmUw6lY2bLjCfF70z3PbDKbutfCbWYbBHkeQ6W4F2IxffSmtDjtaNw== Completed in 60ms
299 timing auditReport:init Completed in 766ms
300 timing reify:audit Completed in 999ms
301 timing reify Completed in 1669ms
302 silly ADD node_modules/splaytree
303 silly ADD node_modules/robust-predicates
304 silly ADD node_modules/polygon-clipping
305 silly ADD
306 silly ADD
307 silly ADD
308 silly ADD
309 silly ADD
310 silly ADD
311 silly ADD
312 silly ADD
313 silly ADD
314 silly ADD
315 silly ADD
316 silly ADD
317 silly ADD
318 silly ADD
319 silly ADD
320 silly ADD
321 silly ADD
322 silly ADD
323 silly ADD
324 silly ADD
325 silly ADD
326 silly ADD
327 silly ADD
328 silly ADD
329 silly ADD
330 silly ADD
331 silly ADD
332 silly ADD
333 silly ADD
334 silly ADD
335 silly ADD
336 silly ADD
337 silly ADD
338 silly ADD
339 silly ADD
340 silly ADD
341 silly ADD
342 silly ADD
343 silly ADD
344 silly ADD
345 silly ADD
346 silly ADD
347 silly ADD
348 silly ADD
349 silly ADD
350 silly ADD
351 silly ADD
352 timing command:install Completed in 1687ms
353 notice
353 notice New major version of npm available! 10.1.0 -> 12.0.2
353 notice Changelog: <https://github.com/npm/cli/releases/tag/v12.0.2>
353 notice Run `npm install -g npm@12.0.2` to update!
353 notice
354 verbose exit 0
355 timing npm Completed in 2292ms
356 info ok
